.........
----------------------------------------------------------------------
Ran 9 tests in 0.154s

OK
M05-T02 package bootstrap checks: PASS
test_brainstorm_promotion_binds_exact_revision (tests.test_state_contract.StateEnvelopeTests.test_brainstorm_promotion_binds_exact_revision) ... ok
test_definition_green_requires_authority_and_premium_a (tests.test_state_contract.StateEnvelopeTests.test_definition_green_requires_authority_and_premium_a) ... ok
test_editorial_plan_exemption_preserves_prior_green_subject (tests.test_state_contract.StateEnvelopeTests.test_editorial_plan_exemption_preserves_prior_green_subject) ... ok
test_exploration_locators_are_exact_and_workstream_bound (tests.test_state_contract.StateEnvelopeTests.test_exploration_locators_are_exact_and_workstream_bound) ... ok
test_external_effect_observation_matches_readback_state (tests.test_state_contract.StateEnvelopeTests.test_external_effect_observation_matches_readback_state) ... ok
test_feature_discovery_does_not_manufacture_issue_alignment (tests.test_state_contract.StateEnvelopeTests.test_feature_discovery_does_not_manufacture_issue_alignment) ... ok
test_intake_locator_is_workstream_bound (tests.test_state_contract.StateEnvelopeTests.test_intake_locator_is_workstream_bound) ... ok
test_issue_intake_alignment_is_exact_and_stale_subject_fails (tests.test_state_contract.StateEnvelopeTests.test_issue_intake_alignment_is_exact_and_stale_subject_fails) ... ok
test_issue_question_is_response_but_not_authorization (tests.test_state_contract.StateEnvelopeTests.test_issue_question_is_response_but_not_authorization) ... ok
test_jit_trigger_preserves_predecessor_boundary_without_placeholder_card (tests.test_state_contract.StateEnvelopeTests.test_jit_trigger_preserves_predecessor_boundary_without_placeholder_card) ... ok
test_locator_class_missing_and_cross_workstream_path_fail (tests.test_state_contract.StateEnvelopeTests.test_locator_class_missing_and_cross_workstream_path_fail) ... ok
test_one_card_in_progress_is_enforced (tests.test_state_contract.StateEnvelopeTests.test_one_card_in_progress_is_enforced) ... ok
test_plan_review_must_match_frozen_subject_and_terminal_evidence (tests.test_state_contract.StateEnvelopeTests.test_plan_review_must_match_frozen_subject_and_terminal_evidence) ... ok
test_planning_and_plan_review_locators_are_exact (tests.test_state_contract.StateEnvelopeTests.test_planning_and_plan_review_locators_are_exact) ... ok
test_planning_cycle_rejects_stale_premium_a_and_orders_b_c (tests.test_state_contract.StateEnvelopeTests.test_planning_cycle_rejects_stale_premium_a_and_orders_b_c) ... ok
test_pre_execution_workstream_may_have_intake_without_task_board (tests.test_state_contract.StateEnvelopeTests.test_pre_execution_workstream_may_have_intake_without_task_board) ... ok
test_prohibited_policy_runtime_scheduler_keys_fail (tests.test_state_contract.StateEnvelopeTests.test_prohibited_policy_runtime_scheduler_keys_fail) ... ok
test_project_contract_is_common_v2_only (tests.test_state_contract.StateEnvelopeTests.test_project_contract_is_common_v2_only) ... ok
test_research_requires_all_source_classes_and_once_only_return_state (tests.test_state_contract.StateEnvelopeTests.test_research_requires_all_source_classes_and_once_only_return_state) ... ok
test_review_is_exact_subject_and_semantic_only (tests.test_state_contract.StateEnvelopeTests.test_review_is_exact_subject_and_semantic_only) ... ok
test_review_terminal_evidence_and_append_only_history (tests.test_state_contract.StateEnvelopeTests.test_review_terminal_evidence_and_append_only_history) ... ok
test_stale_revision_fails_closed (tests.test_state_contract.StateEnvelopeTests.test_stale_revision_fails_closed) ... ok
test_task_card_parser_requires_complete_stable_launch_contract (tests.test_state_contract.StateEnvelopeTests.test_task_card_parser_requires_complete_stable_launch_contract) ... ok
test_task_card_review_acceptance_is_exact_and_semantic (tests.test_state_contract.StateEnvelopeTests.test_task_card_review_acceptance_is_exact_and_semantic) ... ok
test_tracker_correlation_states_and_authority_boundary (tests.test_state_contract.StateEnvelopeTests.test_tracker_correlation_states_and_authority_boundary) ... ok
test_tracker_locator_is_exact_and_workstream_bound (tests.test_state_contract.StateEnvelopeTests.test_tracker_locator_is_exact_and_workstream_bound) ... ok
test_valid_bundle_and_expected_revision (tests.test_state_contract.StateEnvelopeTests.test_valid_bundle_and_expected_revision) ... ok
test_wrong_workstream_and_branch_fail_closed (tests.test_state_contract.StateEnvelopeTests.test_wrong_workstream_and_branch_fail_closed) ... ok

----------------------------------------------------------------------
Ran 28 tests in 0.008s

OK
VALID: PWV2 M01 state envelope
test_active_and_completed_research_route_to_exact_owner (tests.test_router.RouterTests.test_active_and_completed_research_route_to_exact_owner) ... ok
test_active_card_routes_to_runtime_neutral_execution (tests.test_router.RouterTests.test_active_card_routes_to_runtime_neutral_execution) ... ok
test_active_review_for_changed_result_fails_closed (tests.test_router.RouterTests.test_active_review_for_changed_result_fails_closed) ... ok
test_all_terminal_cards_route_to_close_not_directly_to_stop (tests.test_router.RouterTests.test_all_terminal_cards_route_to_close_not_directly_to_stop) ... ok
test_approved_plan_with_live_board_dispatches_board_precedence (tests.test_router.RouterTests.test_approved_plan_with_live_board_dispatches_board_precedence) ... ok
test_blocker_classification_does_not_turn_every_blocker_into_user_stop (tests.test_router.RouterTests.test_blocker_classification_does_not_turn_every_blocker_into_user_stop) ... ok
test_brainstorming_requires_challenge_and_exact_definition_promotion (tests.test_router.RouterTests.test_brainstorming_requires_challenge_and_exact_definition_promotion) ... ok
test_changed_result_after_terminal_review_requires_new_attempt (tests.test_router.RouterTests.test_changed_result_after_terminal_review_requires_new_attempt) ... ok
test_cobound_invalid_board_fails_closed (tests.test_router.RouterTests.test_cobound_invalid_board_fails_closed) ... ok
test_completed_authorized_issue_continues_to_existing_board (tests.test_router.RouterTests.test_completed_authorized_issue_continues_to_existing_board) ... ok
test_completed_preboard_intake_routes_without_manufacturing_board (tests.test_router.RouterTests.test_completed_preboard_intake_routes_without_manufacturing_board) ... ok
test_definition_green_stops_at_premium_a_before_planning (tests.test_router.RouterTests.test_definition_green_stops_at_premium_a_before_planning) ... ok
test_definition_source_mismatch_fails_closed (tests.test_router.RouterTests.test_definition_source_mismatch_fails_closed) ... ok
test_durable_semantic_result_routes_to_reconciliation_without_replay (tests.test_router.RouterTests.test_durable_semantic_result_routes_to_reconciliation_without_replay) ... ok
test_editorial_exempt_with_live_board_dispatches_board_precedence (tests.test_router.RouterTests.test_editorial_exempt_with_live_board_dispatches_board_precedence) ... ok
test_frozen_plan_stops_at_b_then_routes_fresh_plan_review (tests.test_router.RouterTests.test_frozen_plan_stops_at_b_then_routes_fresh_plan_review) ... ok
test_green_plan_review_consumes_to_c_before_execution_prep (tests.test_router.RouterTests.test_green_plan_review_consumes_to_c_before_execution_prep) ... ok
test_invalid_binding_and_legacy_policy_fail_closed (tests.test_router.RouterTests.test_invalid_binding_and_legacy_policy_fail_closed) ... ok
test_issue_diagnosis_requires_exact_consumed_prior_art_research (tests.test_router.RouterTests.test_issue_diagnosis_requires_exact_consumed_prior_art_research) ... ok
test_issue_question_continues_alignment_without_authorizing_repair (tests.test_router.RouterTests.test_issue_question_continues_alignment_without_authorizing_repair) ... ok
test_issue_without_post_diagnosis_response_is_real_alignment_stop (tests.test_router.RouterTests.test_issue_without_post_diagnosis_response_is_real_alignment_stop) ... ok
test_jit_refinement_classification_separates_authority_layers (tests.test_router.RouterTests.test_jit_refinement_classification_separates_authority_layers) ... ok
test_later_brainstorming_research_does_not_erase_issue_diagnosis_prior_art (tests.test_router.RouterTests.test_later_brainstorming_research_does_not_erase_issue_diagnosis_prior_art) ... ok
test_linked_or_unavailable_tracker_does_not_become_authority (tests.test_router.RouterTests.test_linked_or_unavailable_tracker_does_not_become_authority) ... ok
test_material_replan_repeats_a_b_review_c_and_editorial_exemption_skips_new_review (tests.test_router.RouterTests.test_material_replan_repeats_a_b_review_c_and_editorial_exemption_skips_new_review) ... ok
test_missing_cross_workstream_and_escape_locators_fail_closed (tests.test_router.RouterTests.test_missing_cross_workstream_and_escape_locators_fail_closed) ... ok
test_missing_or_ambiguous_selection_routes_to_recovery (tests.test_router.RouterTests.test_missing_or_ambiguous_selection_routes_to_recovery) ... ok
test_new_managed_intent_routes_to_common_intake_without_board (tests.test_router.RouterTests.test_new_managed_intent_routes_to_common_intake_without_board) ... ok
test_plan_gate_without_board_owns_plan_jit (tests.test_router.RouterTests.test_plan_gate_without_board_owns_plan_jit) ... ok
test_planning_routes_after_exact_premium_a_satisfaction (tests.test_router.RouterTests.test_planning_routes_after_exact_premium_a_satisfaction) ... ok
test_premium_b_satisfied_without_plan_review_fails_closed (tests.test_router.RouterTests.test_premium_b_satisfied_without_plan_review_fails_closed) ... ok
test_priority_and_real_stop_foundations_are_runtime_neutral (tests.test_router.RouterTests.test_priority_and_real_stop_foundations_are_runtime_neutral) ... ok
test_progressive_disclosure_read_set_is_exact (tests.test_router.RouterTests.test_progressive_disclosure_read_set_is_exact) ... ok
test_ready_card_launch_refresh_is_runtime_neutral_and_progressive (tests.test_router.RouterTests.test_ready_card_launch_refresh_is_runtime_neutral_and_progressive) ... ok
test_ready_card_stale_dependency_fails_closed_before_launch (tests.test_router.RouterTests.test_ready_card_stale_dependency_fails_closed_before_launch) ... ok
test_required_review_blocks_until_green_then_routes_finalization (tests.test_router.RouterTests.test_required_review_blocks_until_green_then_routes_finalization) ... ok
test_stale_issue_alignment_fails_closed_to_recovery (tests.test_router.RouterTests.test_stale_issue_alignment_fails_closed_to_recovery) ... ok
test_stale_premium_cycle_and_wrong_review_subject_fail_closed (tests.test_router.RouterTests.test_stale_premium_cycle_and_wrong_review_subject_fail_closed) ... ok
test_task_board_research_return_is_recovered_before_execution (tests.test_router.RouterTests.test_task_board_research_return_is_recovered_before_execution) ... ok
test_technical_contract_is_loaded_only_when_card_selects_it (tests.test_router.RouterTests.test_technical_contract_is_loaded_only_when_card_selects_it) ... ok
test_tracker_ambiguity_fails_closed_without_duplicate_create (tests.test_router.RouterTests.test_tracker_ambiguity_fails_closed_without_duplicate_create) ... ok
test_tracker_discovery_and_pending_create_route_to_github_issues (tests.test_router.RouterTests.test_tracker_discovery_and_pending_create_route_to_github_issues) ... ok
test_valid_state_selects_same_route_independent_of_runtime_noise (tests.test_router.RouterTests.test_valid_state_selects_same_route_independent_of_runtime_noise) ... ok

----------------------------------------------------------------------
Ran 43 tests in 0.154s

OK
M01-T04 router checks: PASS
test_delegated_and_direct_realizations_share_semantic_result_contract (tests.test_execution_contract.ExecutionContractTests.test_delegated_and_direct_realizations_share_semantic_result_contract) ... ok
test_result_is_semantic_and_does_not_require_worker_count (tests.test_execution_contract.ExecutionContractTests.test_result_is_semantic_and_does_not_require_worker_count) ... ok
test_result_rejects_runtime_identity_and_cross_workstream_evidence (tests.test_execution_contract.ExecutionContractTests.test_result_rejects_runtime_identity_and_cross_workstream_evidence) ... ok
test_return_classification_keeps_bad_result_in_card_and_real_blocker_distinct (tests.test_execution_contract.ExecutionContractTests.test_return_classification_keeps_bad_result_in_card_and_real_blocker_distinct) ... ok

----------------------------------------------------------------------
Ran 4 tests in 0.000s

OK
M03-T02 execution contract checks: PASS
test_review_realization_is_capability_first_but_noncanonical (tests.test_review_contract.ReviewContractTests.test_review_realization_is_capability_first_but_noncanonical) ... ok

----------------------------------------------------------------------
Ran 1 test in 0.000s

OK
M03-T03 review contract checks: PASS
test_exact_result_subject_requires_immutable_identity (tests.test_recovery_contract.RecoveryContractTests.test_exact_result_subject_requires_immutable_identity) ... ok
test_red_and_blocker_classification_has_distinct_owners (tests.test_recovery_contract.RecoveryContractTests.test_red_and_blocker_classification_has_distinct_owners) ... ok

----------------------------------------------------------------------
Ran 2 tests in 0.000s

OK
M03-T04 recovery contract checks: PASS
................................................................................
----------------------------------------------------------------------
Ran 80 tests in 0.216s

OK
...............................................................................................................................................................................................................................................................................
----------------------------------------------------------------------
Ran 271 tests in 0.596s

OK
M01 baseline checks: PASS
